{
  "type1,": [
    {
      "TransportAddress": "address://test-queue",
      "Endpoint": "endpoint"
    }
  ]
}