{
  "type1,": [
    {
      "TransportAddress": "address://test-queue",
      "Endpoint": "endpoint"
    }
  ],
  "type1,type3,": [
    {
      "TransportAddress": "address://test-queue",
      "Endpoint": "endpoint"
    }
  ],
  "type3,": [
    {
      "TransportAddress": "address://test-queue",
      "Endpoint": "endpoint"
    }
  ]
}